Tortoise candidate_brier 0.761586
Owl focal_odd 0.291406
Octopus focal_odd 0.284375
Gecko focal_odd 0.314844
Hive focal_even 0.296875
Eagle focal_odd 0.303906
Crab focal_odd 0.284375
Shepherd focal_odd 0.286719
Pulse focal_even 0.278125
Cat full_brier 0.768163
Fox focal_even 0.292188
Spider focal_odd 0.299219
Raven focal_even 0.333036
Dolphin focal_even 0.301705
Ant focal_even 0.310227
Moth focal_even 0.341071
Shark focal_even 0.294471
Penguin focal_odd 0.282031
Bat gain 0.59375
Hedgehog win_rate 0.578125
Crocodile treated_pre 0.759802
Dragon focal_even 0.308523
Turtle score 0.5625
Magpie contradiction 0.197417
Wolf instantaneous 0.376417
Elephant active_gate_1 1.0
Chameleon observed_distance 0.437778
Jellyfish health 0.702126
Beaver effectiveness 0.28125
Mantis z_variance 0.671875
Bison demand 4.534522
Weasel changed_keys_gate 0.484375
Salmon parent_weight_1 0.156363
Orca integrity 0.224278
Mole surface_health 0.390625
Lynx replication 0.215444
Horse attention 0.371407
Termite incoming_target 0.411628
Phoenix fidelity 0.301191
Cobra confidence 0.19562
Whale history_3 0.158359
Falcon alarm_time 74.0
Rhino after 0.507408
Bonobo baseline_utility 0.764062
Axolotl adapted 0.502045
Butterfly incoming 0.714069
{
  "animals_executed": 46,
  "all_outputs_finite": true,
  "anchor_checks": 6,
  "constant_control_pass": true,
  "lean_process_calls": 1092,
  "lean_rows_evaluated": 78342,
  "elapsed_seconds": 51.71770413400009,
  "python": "3.12.14",
  "numpy": "2.3.5",
  "pandas": "2.2.3",
  "protocol_sha256": "ad65f52e2d60573bbd5f86041815d5bb909f9db7f8c63a2a8d38efd5bc7d92bd",
  "binary_sha256": "84888cab85138d390574b109e90566626de254170e9c604f550635a2650ffb64"
}
